Microchip MPLAB XC8 Compiler V2.40

Linker command line:

-W-3 \
  --edf=C:\Program Files\Microchip\xc8\v2.40\pic\dat\20220703182018_en.msgs \
  -cn -h+dist/default/debug\Assignment.X.debug.sym \
  --cmf=dist/default/debug\Assignment.X.debug.cmf -z -Q18F452 \
  -oC:\Users\BOOSTO~1\AppData\Local\Temp\xcAs55s.4 --defsym=__MPLAB_BUILD=1 \
  --fixupoverflow=error -Mdist/default/debug/Assignment.X.debug.map \
  --md=C:\Users\BOOSTO~1\AppData\Local\Temp\xcAs55s.dat -E1 \
  -ver=XC8 Compiler --acfsm=1493 -ACODE=00h-03FFFh,04000h-07D3Fh \
  -ACONST=00h-07D3Fh -ASMALLCONST=0600h-06FFhx119,07D00h-07D3Fh \
  -AMEDIUMCONST=0600h-07D3Fh -ACOMRAM=01h-07Fh -AABS1=00h-05EEh \
  -ABIGRAM=01h-05EEh -ARAM=080h-0FFh,0100h-01FFhx4,0500h-05EEh \
  -ABANK0=080h-0FFh -ABANK1=0100h-01FFh -ABANK2=0200h-02FFh \
  -ABANK3=0300h-03FFh -ABANK4=0400h-04FFh -ABANK5=0500h-05EEh \
  -ASFR=0F80h-0F9Bh,0F9Dh-0FD3h,0FD5h-0FDAh,0FE0h-0FE2h,0FE8h-0FEAh,0FF0h-0FFBh \
  -ABIGSFR=0F80h-0F9Bh,0F9Dh-0FD3h,0FD5h-0FDAh,0FE0h-0FE2h,0FE8h-0FEAh,0FF0h-0FFBh \
  -ACONFIG=0300000h-030000Dh -AIDLOC=0200000h-0200007h \
  -AEEDATA=0F00000h-0F000FFh -peeprom_data=EEDATA \
  -preset_vec=00h,intcode=08h,intcodelo,powerup,init -pramtop=0600h \
  -psmallconst=SMALLCONST -pmediumconst=MEDIUMCONST -pconst=CONST \
  -AFARRAM=00h-00h \
  -prdata=COMRAM,nvrram=COMRAM,nvbit=COMRAM,rbss=COMRAM,rbit=COMRAM \
  -pfarbss=FARRAM,fardata=FARRAM,nvFARRAM=FARRAM \
  -pintsave_regs=BIGRAM,bigbss=BIGRAM,bigdata=BIGRAM -pbss=RAM \
  -pidata=CODE,irdata=CODE,ibigdata=CODE,ifardata=CODE -prparam=COMRAM \
  C:\Users\BOOSTO~1\AppData\Local\Temp\xcAs55s.o \
  dist/default/debug\Assignment.X.debug.o 

Object code version is 3.11

Machine type is 18F452



                Name                               Link     Load   Length Selector   Space Scale
C:\Users\BOOSTO~1\AppData\Local\Temp\xcAs55s.o
                idloc                            200000   200000        8        0       5
                config                           300000   300000        E        0       4
                text                               15BA     15BA        2      33E       0
                init                                 C8       C8        4        4       0
                reset_vec                             0        0        6        0       0
dist/default/debug\Assignment.X.debug.o
                intcode                               8        8       C0        4       0
                idloc                            200000   200000        8        0       5
                config                           300000   300000        E        0       4
                temp                                 36       36        1        1       1
                smallconst                          600      600       7C      300       0
                text24                             15B8     15B8        2      33E       0
                text23                             13C2     13C2       4E      33E       0
                text21                             1228     1228       80      33E       0
                text20                             1540     1540       1E      33E       0
                text19                             11A8     11A8       80      33E       0
                text18                             151E     151E       22      33E       0
                text17                             12A8     12A8       72      33E       0
                text16                             1410     1410       4C      33E       0
                text15                             111A     111A       8E      33E       0
                text14                             15B0     15B0        8      33E       0
                text13                             145C     145C       32      33E       0
                text12                              C16      C16      178      33E       0
                text11                             157A     157A       1C      33E       0
                text10                             155E     155E       1C      33E       0
                text9                              1374     1374       4E      33E       0
                text8                              1026     1026       F4      33E       0
                text7                              131A     131A       5A      33E       0
                text6                              14FA     14FA       24      33E       0
                text5                              14D6     14D6       24      33E       0
                text4                               D8E      D8E      16E      33E       0
                text3                               EFC      EFC      12A      33E       0
                text2                              14B2     14B2       24      33E       0
                text1                              148E     148E       24      33E       0
                text0                               67C      67C      59A      33E       0
                cstackCOMRAM                          1        1       2F        1       1
                bssCOMRAM                            30       30        6        1       1
                cinit                              1596     1596       1A      33E       0

TOTAL           Name                               Link     Load   Length     Space
        CLASS   CODE           
                intcode                               8        8       C0         0
                text                               15BA     15BA        2         0
                init                                 C8       C8        4         0
                reset_vec                             0        0        6         0
                text24                             15B8     15B8        2         0
                text23                             13C2     13C2       4E         0
                text21                             1228     1228       80         0
                text20                             1540     1540       1E         0
                text19                             11A8     11A8       80         0
                text18                             151E     151E       22         0
                text17                             12A8     12A8       72         0
                text16                             1410     1410       4C         0
                text15                             111A     111A       8E         0
                text14                             15B0     15B0        8         0
                text13                             145C     145C       32         0
                text12                              C16      C16      178         0
                text11                             157A     157A       1C         0
                text10                             155E     155E       1C         0
                text9                              1374     1374       4E         0
                text8                              1026     1026       F4         0
                text7                              131A     131A       5A         0
                text6                              14FA     14FA       24         0
                text5                              14D6     14D6       24         0
                text4                               D8E      D8E      16E         0
                text3                               EFC      EFC      12A         0
                text2                              14B2     14B2       24         0
                text1                              148E     148E       24         0
                text0                               67C      67C      59A         0
                cinit                              1596     1596       1A         0

        CLASS   CONST          

        CLASS   SMALLCONST     
                smallconst                          600      600       7C         0

        CLASS   MEDIUMCONST    

        CLASS   COMRAM         
                temp                                 36       36        1         1
                cstackCOMRAM                          1        1       2F         1
                bssCOMRAM                            30       30        6         1

        CLASS   ABS1           

        CLASS   BIGRAM         

        CLASS   RAM            

        CLASS   BANK0          

        CLASS   BANK1          

        CLASS   BANK2          

        CLASS   BANK3          

        CLASS   BANK4          

        CLASS   BANK5          

        CLASS   SFR            

        CLASS   BIGSFR         

        CLASS   CONFIG         
                config                           300000   300000        E         4

        CLASS   IDLOC          
                idloc                            200000   200000        8         5

        CLASS   EEDATA         

        CLASS   FARRAM         

        CLASS   HEAP           

        CLASS   STACK          



SEGMENTS        Name                           Load    Length   Top    Selector   Space  Class

                reset_vec                      000000  000006  000006         0       0  CODE    
                cstackCOMRAM                   000001  000036  000037         1       1  COMRAM  
                intcode                        000008  0000C4  0000CC         4       0  CODE    
                smallconst                     000600  00007C  00067C       300       0  SMALLCON
                text0                          00067C  000F40  0015BC       33E       0  CODE    


UNUSED ADDRESS RANGES

        Name                Unused          Largest block    Delta
        BANK0            000080-0000FF               80
        BANK1            000100-0001FF              100
        BANK2            000200-0002FF              100
        BANK3            000300-0003FF              100
        BANK4            000400-0004FF              100
        BANK5            000500-0005EE               EF
        BIGRAM           000037-0005EE              5B8
        BIGSFR           000F80-000F9B               1C
                         000F9D-000FD3               37
                         000FD5-000FDA                6
                         000FE0-000FE2                3
                         000FE8-000FEA                3
                         000FF0-000FFB                C
        CODE             000006-000007                2
                         0000CC-0005FF              534
                         0015BC-007D3F             2A44
        COMRAM           000037-00007F               49
        CONST            000006-000007                2
                         0000CC-0005FF              534
                         0015BC-007D3F             6784
        EEDATA           F00000-F000FF              100
        MEDIUMCONST      0015BC-007D3F             6784
        RAM              000080-0005EE              100
        SFR              000F80-000F9B               1C
                         000F9D-000FD3               37
                         000FD5-000FDA                6
                         000FE0-000FE2                3
                         000FE8-000FEA                3
                         000FF0-000FFB                C
        SMALLCONST       0015BC-007D3F              100

                                  Symbol Table

LCD_CMD@CMD                                                   cstackCOMRAM 000004
LCD_DATA@Data                                                 cstackCOMRAM 000003
LCD_Set_Cursor@High4                                          cstackCOMRAM 000008
LCD_Set_Cursor@Low4                                           cstackCOMRAM 000007
LCD_Set_Cursor@Temp                                           cstackCOMRAM 000009
LCD_Set_Cursor@c                                              cstackCOMRAM 000005
LCD_Set_Cursor@r                                              cstackCOMRAM 000006
LCD_Write_Char@Data                                           cstackCOMRAM 000006
LCD_Write_Char@High4                                          cstackCOMRAM 000005
LCD_Write_Char@Low4                                           cstackCOMRAM 000004
LCD_Write_String@i                                            cstackCOMRAM 00000B
LCD_Write_String@str                                          cstackCOMRAM 000007
_CCP2CON                                                      (abs)        000FBA
_CCP2CONbits                                                  (abs)        000FBA
_CCPR2L                                                       (abs)        000FBB
_INTCON                                                       (abs)        000FF2
_INTCON2                                                      (abs)        000FF1
_INTCON3                                                      (abs)        000FF0
_INTCONbits                                                   (abs)        000FF2
_LCD_CMD                                                      text20       001540
_LCD_Clear                                                    text18       00151E
_LCD_DATA                                                     text21       001228
_LCD_Init                                                     text19       0011A8
_LCD_Set_Cursor                                               text17       0012A8
_LCD_Write_Char                                               text16       001410
_LCD_Write_String                                             text15       00111A
_PORTA                                                        (abs)        000F80
_PORTB                                                        (abs)        000F81
_PORTC                                                        (abs)        000F82
_PORTCbits                                                    (abs)        000F82
_PORTD                                                        (abs)        000F83
_PORTDbits                                                    (abs)        000F83
_PR2                                                          (abs)        000FCB
_RC4                                                          (abs)        007C14
_RC5                                                          (abs)        007C15
_RC6                                                          (abs)        007C16
_RC7                                                          (abs)        007C17
_RCON                                                         (abs)        000FD0
_RD2                                                          (abs)        007C1A
_RD3                                                          (abs)        007C1B
_RD4                                                          (abs)        007C1C
_T0CON                                                        (abs)        000FD5
_T0CONbits                                                    (abs)        000FD5
_T1CON                                                        (abs)        000FCD
_T2CON                                                        (abs)        000FCA
_TRISA                                                        (abs)        000F92
_TRISB                                                        (abs)        000F93
_TRISC                                                        (abs)        000F94
_TRISC6                                                       (abs)        007CA6
_TRISD                                                        (abs)        000F95
_TRISD4                                                       (abs)        007CAC
__HRAM                                                        (abs)        000000
__Habs1                                                       abs1         000000
__Hbank0                                                      bank0        000000
__Hbank1                                                      bank1        000000
__Hbank2                                                      bank2        000000
__Hbank3                                                      bank3        000000
__Hbank4                                                      bank4        000000
__Hbank5                                                      bank5        000000
__Hbigbss                                                     bigbss       000000
__Hbigdata                                                    bigdata      000000
__Hbigram                                                     bigram       000000
__Hbigsfr                                                     bigsfr       000000
__Hbss                                                        bss          000000
__HbssCOMRAM                                                  bssCOMRAM    000000
__Hcinit                                                      cinit        000000
__Hclrtext                                                    clrtext      000000
__Hcomram                                                     comram       000000
__Hconfig                                                     config       30000E
__Hconst                                                      const        000000
__HcstackCOMRAM                                               cstackCOMRAM 000000
__Hdata                                                       data         000000
__Heeprom_data                                                eeprom_data  000000
__Hfarbss                                                     farbss       000000
__Hfardata                                                    fardata      000000
__Hheap                                                       heap         000000
__Hibigdata                                                   ibigdata     000000
__Hidata                                                      idata        000000
__Hidloc                                                      idloc        200008
__Hifardata                                                   ifardata     000000
__Hinit                                                       init         0000CC
__Hintcode                                                    intcode      0000C8
__Hintcode_body                                               intcode_body 000000
__Hintcodelo                                                  intcodelo    0000C8
__Hintentry                                                   intentry     000000
__Hintret                                                     intret       000000
__Hintsave_regs                                               intsave_regs 000000
__Hirdata                                                     irdata       000000
__Hmediumconst                                                mediumconst  000000
__HnvFARRAM                                                   nvFARRAM     000000
__Hnvbit                                                      nvbit        000000
__Hnvrram                                                     nvrram       000000
__Hparam                                                      rparam       000000
__Hpowerup                                                    powerup      0000C8
__Hram                                                        ram          000000
__Hramtop                                                     ramtop       000600
__Hrbit                                                       rbit         000000
__Hrbss                                                       rbss         000000
__Hrdata                                                      rdata        000000
__Hreset_vec                                                  reset_vec    000006
__Hrparam                                                     rparam       000000
__Hsfr                                                        sfr          000000
__Hsmallconst                                                 smallconst   00067C
__Hspace_0                                                    (abs)        0015BC
__Hspace_1                                                    (abs)        000037
__Hspace_2                                                    (abs)        000000
__Hspace_4                                                    (abs)        60000E
__Hstack                                                      stack        000000
__Hstruct                                                     struct       000000
__Htemp                                                       temp         000037
__Htext                                                       text         000000
__Htext0                                                      text0        000000
__Htext1                                                      text1        000000
__Htext10                                                     text10       000000
__Htext11                                                     text11       000000
__Htext12                                                     text12       000000
__Htext13                                                     text13       000000
__Htext14                                                     text14       000000
__Htext15                                                     text15       000000
__Htext16                                                     text16       000000
__Htext17                                                     text17       000000
__Htext18                                                     text18       000000
__Htext19                                                     text19       000000
__Htext2                                                      text2        000000
__Htext20                                                     text20       000000
__Htext21                                                     text21       000000
__Htext23                                                     text23       000000
__Htext24                                                     text24       000000
__Htext3                                                      text3        000000
__Htext4                                                      text4        000000
__Htext5                                                      text5        000000
__Htext6                                                      text6        000000
__Htext7                                                      text7        000000
__Htext8                                                      text8        000000
__Htext9                                                      text9        000000
__LRAM                                                        (abs)        000001
__Labs1                                                       abs1         000000
__Lbank0                                                      bank0        000000
__Lbank1                                                      bank1        000000
__Lbank2                                                      bank2        000000
__Lbank3                                                      bank3        000000
__Lbank4                                                      bank4        000000
__Lbank5                                                      bank5        000000
__Lbigbss                                                     bigbss       000000
__Lbigdata                                                    bigdata      000000
__Lbigram                                                     bigram       000000
__Lbigsfr                                                     bigsfr       000000
__Lbss                                                        bss          000000
__LbssCOMRAM                                                  bssCOMRAM    000000
__Lcinit                                                      cinit        000000
__Lclrtext                                                    clrtext      000000
__Lcomram                                                     comram       000000
__Lconfig                                                     config       000000
__Lconst                                                      const        000000
__LcstackCOMRAM                                               cstackCOMRAM 000000
__Ldata                                                       data         000000
__Leeprom_data                                                eeprom_data  000000
__Lfarbss                                                     farbss       000000
__Lfardata                                                    fardata      000000
__Lheap                                                       heap         000000
__Libigdata                                                   ibigdata     000000
__Lidata                                                      idata        000000
__Lidloc                                                      idloc        000000
__Lifardata                                                   ifardata     000000
__Linit                                                       init         0000C8
__Lintcode                                                    intcode      000008
__Lintcode_body                                               intcode_body 000000
__Lintcodelo                                                  intcodelo    0000C8
__Lintentry                                                   intentry     000000
__Lintret                                                     intret       000000
__Lintsave_regs                                               intsave_regs 000000
__Lirdata                                                     irdata       000000
__Lmediumconst                                                mediumconst  000000
__LnvFARRAM                                                   nvFARRAM     000000
__Lnvbit                                                      nvbit        000000
__Lnvrram                                                     nvrram       000000
__Lparam                                                      rparam       000000
__Lpowerup                                                    powerup      0000C8
__Lram                                                        ram          000000
__Lramtop                                                     ramtop       000600
__Lrbit                                                       rbit         000000
__Lrbss                                                       rbss         000000
__Lrdata                                                      rdata        000000
__Lreset_vec                                                  reset_vec    000000
__Lrparam                                                     rparam       000000
__Lsfr                                                        sfr          000000
__Lsmallconst                                                 smallconst   000600
__Lspace_0                                                    (abs)        000000
__Lspace_1                                                    (abs)        000000
__Lspace_2                                                    (abs)        000000
__Lspace_4                                                    (abs)        000000
__Lstack                                                      stack        000000
__Lstruct                                                     struct       000000
__Ltemp                                                       temp         000036
__Ltext                                                       text         000000
__Ltext0                                                      text0        000000
__Ltext1                                                      text1        000000
__Ltext10                                                     text10       000000
__Ltext11                                                     text11       000000
__Ltext12                                                     text12       000000
__Ltext13                                                     text13       000000
__Ltext14                                                     text14       000000
__Ltext15                                                     text15       000000
__Ltext16                                                     text16       000000
__Ltext17                                                     text17       000000
__Ltext18                                                     text18       000000
__Ltext19                                                     text19       000000
__Ltext2                                                      text2        000000
__Ltext20                                                     text20       000000
__Ltext21                                                     text21       000000
__Ltext23                                                     text23       000000
__Ltext24                                                     text24       000000
__Ltext3                                                      text3        000000
__Ltext4                                                      text4        000000
__Ltext5                                                      text5        000000
__Ltext6                                                      text6        000000
__Ltext7                                                      text7        000000
__Ltext8                                                      text8        000000
__Ltext9                                                      text9        000000
__S0                                                          (abs)        0015BC
__S1                                                          (abs)        000037
__S4                                                          (abs)        000000
__S5                                                          (abs)        000000
___heap_hi                                                    (abs)        000000
___heap_lo                                                    (abs)        000000
___inthi_sp                                                   stack        000000
___intlo_sp                                                   stack        000000
___param_bank                                                 (abs)        000000
___rparam_used                                                (abs)        000001
___sp                                                         stack        000000
__accesstop                                                   (abs)        000080
__activetblptr                                                (abs)        000002
__cntErrataNOP_C:\Users\BOOSTO~1\AppData\Local\Temp\xcAs55s.o (abs)        000001
__cntErrataNOP_dist/default/debug\Assignment.X.debug.o        (abs)        00010B
__end_of_LCD_CMD                                              text20       00155E
__end_of_LCD_Clear                                            text18       001540
__end_of_LCD_DATA                                             text21       0012A8
__end_of_LCD_Init                                             text19       001228
__end_of_LCD_Set_Cursor                                       text17       00131A
__end_of_LCD_Write_Char                                       text16       00145C
__end_of_LCD_Write_String                                     text15       0011A8
__end_of_PWM_CLOSE                                            smallconst   000615
__end_of_PWM_OPEN                                             smallconst   000613
__end_of__initialization                                      cinit        0015A2
__end_of_activationCode                                       smallconst   00061F
__end_of_closeGate                                            text11       001596
__end_of_disableBuzzer                                        text14       0015B8
__end_of_erPolling                                            text5        0014FA
__end_of_handleGate                                           text12       000D8E
__end_of_init                                                 text7        001374
__end_of_isr                                                  intcode      0000C8
__end_of_keypad                                               smallconst   000611
__end_of_keypadPolling                                        text4        000EFC
__end_of_main                                                 text0        000C16
__end_of_openGate                                             text10       00157A
__end_of_pirPolling                                           text6        00151E
__end_of_pwmSet                                               text13       00148E
__end_of_readMatchCode                                        text3        001026
__end_of_resetCode                                            smallconst   00061A
__end_of_rstBtnPolling                                        text2        0014D6
__end_of_setState                                             text8        00111A
__end_of_sysBtnPolling                                        text1        0014B2
__end_of_toggleBuzzer                                         text9        0013C2
__end_ofi2_toggleBuzzer                                       text23       001410
__initialization                                              cinit        001596
__mediumconst                                                 mediumconst  000000
__pbssCOMRAM                                                  bssCOMRAM    000030
__pcinit                                                      cinit        001596
__pcstackCOMRAM                                               cstackCOMRAM 000001
__pintcode                                                    intcode      000008
__psmallconst                                                 smallconst   000600
__ptext0                                                      text0        00067C
__ptext1                                                      text1        00148E
__ptext10                                                     text10       00155E
__ptext11                                                     text11       00157A
__ptext12                                                     text12       000C16
__ptext13                                                     text13       00145C
__ptext14                                                     text14       0015B0
__ptext15                                                     text15       00111A
__ptext16                                                     text16       001410
__ptext17                                                     text17       0012A8
__ptext18                                                     text18       00151E
__ptext19                                                     text19       0011A8
__ptext2                                                      text2        0014B2
__ptext20                                                     text20       001540
__ptext21                                                     text21       001228
__ptext23                                                     text23       0013C2
__ptext24                                                     text24       0015B8
__ptext3                                                      text3        000EFC
__ptext4                                                      text4        000D8E
__ptext5                                                      text5        0014D6
__ptext6                                                      text6        0014FA
__ptext7                                                      text7        00131A
__ptext8                                                      text8        001026
__ptext9                                                      text9        001374
__ramtop                                                      ramtop       000600
__smallconst                                                  smallconst   000600
_activationCode                                               smallconst   00061A
_closeGate                                                    text11       00157A
_currentState                                                 bssCOMRAM    000034
_disableBuzzer                                                text14       0015B0
_erPolling                                                    text5        0014D6
_gateState                                                    bssCOMRAM    000035
_handleGate                                                   text12       000C16
_init                                                         text7        00131A
_isr                                                          intcode      000008
_keypad                                                       smallconst   000601
_keypadPolling                                                text4        000D8E
_main                                                         text0        00067C
_openGate                                                     text10       00155E
_pirPolling                                                   text6        0014FA
_preciseTimer                                                 bssCOMRAM    000030
_pwmSet                                                       text13       00145C
_readMatchCode                                                text3        000EFC
_resetCode                                                    smallconst   000615
_rstBtnPolling                                                text2        0014B2
_setState                                                     text8        001026
_sysBtnPolling                                                text1        00148E
_toggleBuzzer                                                 text9        001374
btemp                                                         temp         000036
end_of_initialization                                         cinit        0015A2
handleGate@callback                                           cstackCOMRAM 00000F
handleGate@i                                                  cstackCOMRAM 000013
handleGate@i_473                                              cstackCOMRAM 000015
handleGate@isOpen                                             cstackCOMRAM 00000D
handleGate@toOpen                                             cstackCOMRAM 000012
i2_toggleBuzzer                                               text23       0013C2
i2toggleBuzzer@isEmergency                                    cstackCOMRAM 000002
int$flags                                                     temp         000036
intlevel0                                                     text         0015BA
intlevel1                                                     text         0015BA
intlevel2                                                     text         0015BA
intlevel3                                                     text         0015BA
isa$std                                                       (abs)        000001
isa$xinst                                                     (abs)        000000
keypadPolling@i                                               cstackCOMRAM 000009
keypadPolling@j                                               cstackCOMRAM 00000B
keypadPolling@keyDetected                                     cstackCOMRAM 000007
keypadPolling@pressedKey                                      cstackCOMRAM 000008
main@i                                                        cstackCOMRAM 000023
main@i_423                                                    cstackCOMRAM 00001F
main@i_424                                                    cstackCOMRAM 000025
main@i_427                                                    cstackCOMRAM 000027
main@i_428                                                    cstackCOMRAM 000029
main@isRstBtnPressed                                          cstackCOMRAM 00001D
main@isRstBtnPressedPtr                                       cstackCOMRAM 00002B
main@isSysBtnPressed                                          cstackCOMRAM 00002F
main@isSysBtnPressedPtr                                       cstackCOMRAM 00002D
main@matchCodeResponse                                        cstackCOMRAM 000021
main@matchCodeResponse_425                                    cstackCOMRAM 000022
main@matchCodeResponse_431                                    cstackCOMRAM 00001E
pwmSet@duty                                                   cstackCOMRAM 000003
readMatchCode@codePosition                                    cstackCOMRAM 000013
readMatchCode@codeToMatch                                     cstackCOMRAM 00000D
readMatchCode@isEnabled                                       cstackCOMRAM 00000F
readMatchCode@pressedKey                                      cstackCOMRAM 000015
setState@targetState                                          cstackCOMRAM 000017
stackhi                                                       (abs)        000000
stacklo                                                       (abs)        000000
start                                                         init         0000C8
start_initialization                                          cinit        001596
toggleBuzzer@isEmergency                                      cstackCOMRAM 000004
ttemp5                                                        temp         000037
ttemp6                                                        temp         00003A
ttemp7                                                        temp         00003E
wtemp8                                                        temp         000037


MODULE INFORMATION

Module		Function		Class		Link	Load	Size
libs/LCD.c
		_LCD_Init      		CODE           	11A8	0000	128
		_LCD_Write_Char		CODE           	1410	0000	76
		_LCD_CMD       		CODE           	1540	0000	30
		_LCD_DATA      		CODE           	1228	0000	128
		_LCD_Set_Cursor		CODE           	12A8	0000	114
		_LCD_Clear     		CODE           	151E	0000	34
		_LCD_Write_String		CODE           	111A	0000	142

libs/LCD.c estimated size: 652

shared
		_PWM_CLOSE     		SMALLCONST     	0000	0000	0
		_keypad        		SMALLCONST     	0601	0000	16
		_resetCode     		SMALLCONST     	0615	0000	5
		__initialization		CODE           	1596	0000	12
		_PWM_OPEN      		SMALLCONST     	0000	0000	0
		i2_toggleBuzzer		CODE           	13C2	0000	78
		_activationCode		SMALLCONST     	061A	0000	5

shared estimated size: 116

main.c
		_init          		CODE           	131A	0000	90
		_main          		CODE           	067C	0000	1434
		_disableBuzzer 		CODE           	15B0	0000	8
		_rstBtnPolling 		CODE           	14B2	0000	36
		_keypadPolling 		CODE           	0D8E	0000	366
		_sysBtnPolling 		CODE           	148E	0000	36
		_erPolling     		CODE           	14D6	0000	36
		_isr           		CODE           	0008	0000	192
		_closeGate     		CODE           	157A	0000	28
		_setState      		CODE           	1026	0000	244
		_handleGate    		CODE           	0C16	0000	376
		_readMatchCode 		CODE           	0EFC	0000	298
		_toggleBuzzer  		CODE           	1374	0000	78
		_openGate      		CODE           	155E	0000	28
		_pirPolling    		CODE           	14FA	0000	36
		_pwmSet        		CODE           	145C	0000	50

main.c estimated size: 3336

